[width=0.5] parameter CRNN: 2,476,542  + AuxDecoder (training-only): 1,893,472  device: cuda
[width=0.5] epoch 1/120  lr=4.00e-04  ctc_loss=6.6530  aux_loss=4.1295  val_cer=1.0000  val_wer=1.0000  val_exact=0.0000  (55s elapsed)
[width=0.5] epoch 2/120  lr=6.00e-04  ctc_loss=4.4477  aux_loss=3.3794  val_cer=0.9361  val_wer=0.9917  val_exact=0.0083  (99s elapsed)
[width=0.5] epoch 3/120  lr=8.00e-04  ctc_loss=3.7190  aux_loss=2.8390  val_cer=0.9023  val_wer=0.9958  val_exact=0.0083  (152s elapsed)
[width=0.5] epoch 4/120  lr=1.00e-03  ctc_loss=2.2536  aux_loss=2.3369  val_cer=0.5265  val_wer=0.9432  val_exact=0.1000  (206s elapsed)
[width=0.5] epoch 5/120  lr=1.00e-03  ctc_loss=0.8532  aux_loss=1.9413  val_cer=0.2343  val_wer=0.4842  val_exact=0.3500  (252s elapsed)
[width=0.5] epoch 6/120  lr=1.00e-03  ctc_loss=0.3446  aux_loss=1.6388  val_cer=0.1645  val_wer=0.3558  val_exact=0.3958  (298s elapsed)
[width=0.5] epoch 7/120  lr=9.99e-04  ctc_loss=0.1619  aux_loss=1.4449  val_cer=0.1231  val_wer=0.2662  val_exact=0.4833  (345s elapsed)
[width=0.5] epoch 8/120  lr=9.98e-04  ctc_loss=0.1029  aux_loss=1.3536  val_cer=0.1016  val_wer=0.2242  val_exact=0.5250  (391s elapsed)
[width=0.5] epoch 9/120  lr=9.97e-04  ctc_loss=0.0615  aux_loss=1.2877  val_cer=0.1006  val_wer=0.2145  val_exact=0.5458  (438s elapsed)
[width=0.5] epoch 10/120  lr=9.95e-04  ctc_loss=0.0421  aux_loss=1.2680  val_cer=0.0958  val_wer=0.2116  val_exact=0.5375  (484s elapsed)
[width=0.5] epoch 11/120  lr=9.93e-04  ctc_loss=0.0356  aux_loss=1.2227  val_cer=0.0763  val_wer=0.1741  val_exact=0.5917  (531s elapsed)
[width=0.5] epoch 12/120  lr=9.91e-04  ctc_loss=0.0341  aux_loss=1.1930  val_cer=0.0754  val_wer=0.1661  val_exact=0.6083  (576s elapsed)
[width=0.5] epoch 13/120  lr=9.88e-04  ctc_loss=0.0293  aux_loss=1.1812  val_cer=0.0685  val_wer=0.1466  val_exact=0.6208  (624s elapsed)
[width=0.5] epoch 14/120  lr=9.85e-04  ctc_loss=0.0182  aux_loss=1.1502  val_cer=0.0626  val_wer=0.1430  val_exact=0.6292  (669s elapsed)
[width=0.5] epoch 15/120  lr=9.81e-04  ctc_loss=0.0138  aux_loss=1.1449  val_cer=0.0604  val_wer=0.1376  val_exact=0.6583  (714s elapsed)
[width=0.5] epoch 16/120  lr=9.78e-04  ctc_loss=0.0119  aux_loss=1.1248  val_cer=0.0599  val_wer=0.1367  val_exact=0.6542  (761s elapsed)
[width=0.5] epoch 17/120  lr=9.73e-04  ctc_loss=0.0115  aux_loss=1.1279  val_cer=0.0850  val_wer=0.1659  val_exact=0.6000  (806s elapsed)
[width=0.5] epoch 18/120  lr=9.69e-04  ctc_loss=0.0357  aux_loss=1.1318  val_cer=0.0855  val_wer=0.1892  val_exact=0.5792  (850s elapsed)
[width=0.5] epoch 19/120  lr=9.64e-04  ctc_loss=0.0239  aux_loss=1.1275  val_cer=0.0839  val_wer=0.1788  val_exact=0.6250  (895s elapsed)
[width=0.5] epoch 20/120  lr=9.59e-04  ctc_loss=0.0132  aux_loss=1.1123  val_cer=0.0565  val_wer=0.1224  val_exact=0.6708  (939s elapsed)
[width=0.5] epoch 21/120  lr=9.53e-04  ctc_loss=0.0085  aux_loss=1.1068  val_cer=0.0593  val_wer=0.1340  val_exact=0.6583  (983s elapsed)
[width=0.5] epoch 22/120  lr=9.47e-04  ctc_loss=0.0068  aux_loss=1.1029  val_cer=0.0606  val_wer=0.1322  val_exact=0.6625  (1027s elapsed)
[width=0.5] epoch 23/120  lr=9.41e-04  ctc_loss=0.0060  aux_loss=1.0915  val_cer=0.0528  val_wer=0.1195  val_exact=0.6792  (1076s elapsed)
[width=0.5] epoch 24/120  lr=9.34e-04  ctc_loss=0.0049  aux_loss=1.0703  val_cer=0.0564  val_wer=0.1244  val_exact=0.6792  (1138s elapsed)
[width=0.5] epoch 25/120  lr=9.27e-04  ctc_loss=0.0148  aux_loss=1.0859  val_cer=0.0644  val_wer=0.1417  val_exact=0.6417  (1182s elapsed)
[width=0.5] epoch 26/120  lr=9.20e-04  ctc_loss=0.0203  aux_loss=1.0843  val_cer=0.0628  val_wer=0.1359  val_exact=0.6500  (1229s elapsed)
[width=0.5] epoch 27/120  lr=9.12e-04  ctc_loss=0.0058  aux_loss=1.0742  val_cer=0.0572  val_wer=0.1299  val_exact=0.6625  (1276s elapsed)
[width=0.5] epoch 28/120  lr=9.05e-04  ctc_loss=0.0113  aux_loss=1.0686  val_cer=0.0805  val_wer=0.1700  val_exact=0.5958  (1336s elapsed)
[width=0.5] epoch 29/120  lr=8.96e-04  ctc_loss=0.0105  aux_loss=1.0656  val_cer=0.0635  val_wer=0.1358  val_exact=0.6458  (1410s elapsed)
[width=0.5] epoch 30/120  lr=8.88e-04  ctc_loss=0.0039  aux_loss=1.0584  val_cer=0.0521  val_wer=0.1172  val_exact=0.6875  (1474s elapsed)
[width=0.5] epoch 31/120  lr=8.79e-04  ctc_loss=0.0036  aux_loss=1.0444  val_cer=0.0436  val_wer=0.1034  val_exact=0.7042  (1518s elapsed)
[width=0.5] epoch 32/120  lr=8.70e-04  ctc_loss=0.0029  aux_loss=1.0404  val_cer=0.0423  val_wer=0.0966  val_exact=0.7250  (1565s elapsed)
[width=0.5] epoch 33/120  lr=8.61e-04  ctc_loss=0.0067  aux_loss=1.0467  val_cer=0.0448  val_wer=0.1029  val_exact=0.7042  (1626s elapsed)
[width=0.5] epoch 34/120  lr=8.51e-04  ctc_loss=0.0037  aux_loss=1.0469  val_cer=0.0473  val_wer=0.1057  val_exact=0.6958  (1677s elapsed)
[width=0.5] epoch 35/120  lr=8.41e-04  ctc_loss=0.0032  aux_loss=1.0383  val_cer=0.0487  val_wer=0.1082  val_exact=0.7000  (1721s elapsed)
[width=0.5] epoch 36/120  lr=8.31e-04  ctc_loss=0.0106  aux_loss=1.0506  val_cer=0.0637  val_wer=0.1473  val_exact=0.6333  (1769s elapsed)
[width=0.5] epoch 37/120  lr=8.21e-04  ctc_loss=0.0124  aux_loss=1.0383  val_cer=0.0492  val_wer=0.1081  val_exact=0.7125  (1819s elapsed)
[width=0.5] epoch 38/120  lr=8.10e-04  ctc_loss=0.0086  aux_loss=1.0323  val_cer=0.0521  val_wer=0.1195  val_exact=0.6792  (1864s elapsed)
[width=0.5] epoch 39/120  lr=7.99e-04  ctc_loss=0.0025  aux_loss=1.0265  val_cer=0.0513  val_wer=0.1175  val_exact=0.7000  (1908s elapsed)
[width=0.5] epoch 40/120  lr=7.88e-04  ctc_loss=0.0023  aux_loss=1.0193  val_cer=0.0430  val_wer=0.0980  val_exact=0.7250  (1953s elapsed)
[width=0.5] epoch 41/120  lr=7.77e-04  ctc_loss=0.0019  aux_loss=1.0133  val_cer=0.0521  val_wer=0.1186  val_exact=0.6750  (1998s elapsed)
[width=0.5] epoch 42/120  lr=7.66e-04  ctc_loss=0.0028  aux_loss=1.0149  val_cer=0.0563  val_wer=0.1352  val_exact=0.6458  (2048s elapsed)
[width=0.5] epoch 43/120  lr=7.54e-04  ctc_loss=0.0046  aux_loss=1.0188  val_cer=0.0564  val_wer=0.1268  val_exact=0.6750  (2100s elapsed)
[width=0.5] epoch 44/120  lr=7.42e-04  ctc_loss=0.0024  aux_loss=1.0172  val_cer=0.0432  val_wer=0.1035  val_exact=0.6875  (2155s elapsed)
[width=0.5] epoch 45/120  lr=7.30e-04  ctc_loss=0.0025  aux_loss=1.0058  val_cer=0.0430  val_wer=0.1002  val_exact=0.7167  (2208s elapsed)
[width=0.5] epoch 46/120  lr=7.18e-04  ctc_loss=0.0015  aux_loss=1.0061  val_cer=0.0484  val_wer=0.1094  val_exact=0.6917  (2264s elapsed)
[width=0.5] epoch 47/120  lr=7.05e-04  ctc_loss=0.0013  aux_loss=0.9987  val_cer=0.0419  val_wer=0.0952  val_exact=0.7208  (2314s elapsed)
[width=0.5] epoch 48/120  lr=6.93e-04  ctc_loss=0.0037  aux_loss=1.0065  val_cer=0.0430  val_wer=0.0985  val_exact=0.7292  (2365s elapsed)
[width=0.5] epoch 49/120  lr=6.80e-04  ctc_loss=0.0016  aux_loss=0.9989  val_cer=0.0533  val_wer=0.1179  val_exact=0.6875  (2414s elapsed)
[width=0.5] epoch 50/120  lr=6.67e-04  ctc_loss=0.0014  aux_loss=0.9936  val_cer=0.0429  val_wer=0.1030  val_exact=0.7000  (2466s elapsed)
[width=0.5] epoch 51/120  lr=6.55e-04  ctc_loss=0.0013  aux_loss=0.9908  val_cer=0.0497  val_wer=0.1124  val_exact=0.6792  (2516s elapsed)
[width=0.5] epoch 52/120  lr=6.41e-04  ctc_loss=0.0012  aux_loss=0.9953  val_cer=0.0432  val_wer=0.1014  val_exact=0.6958  (2567s elapsed)
[width=0.5] epoch 53/120  lr=6.28e-04  ctc_loss=0.0017  aux_loss=0.9969  val_cer=0.0466  val_wer=0.1067  val_exact=0.6917  (2618s elapsed)
[width=0.5] epoch 54/120  lr=6.15e-04  ctc_loss=0.0111  aux_loss=0.9960  val_cer=0.0589  val_wer=0.1298  val_exact=0.6625  (2669s elapsed)
[width=0.5] epoch 55/120  lr=6.02e-04  ctc_loss=0.0122  aux_loss=0.9988  val_cer=0.0513  val_wer=0.1211  val_exact=0.6542  (2719s elapsed)
[width=0.5] epoch 56/120  lr=5.88e-04  ctc_loss=0.0014  aux_loss=0.9884  val_cer=0.0462  val_wer=0.1055  val_exact=0.6750  (2768s elapsed)
[width=0.5] epoch 57/120  lr=5.75e-04  ctc_loss=0.0011  aux_loss=0.9854  val_cer=0.0437  val_wer=0.0949  val_exact=0.6917  (2817s elapsed)
[width=0.5] epoch 58/120  lr=5.61e-04  ctc_loss=0.0016  aux_loss=0.9897  val_cer=0.0450  val_wer=0.1018  val_exact=0.6875  (2867s elapsed)
[width=0.5] epoch 59/120  lr=5.48e-04  ctc_loss=0.0009  aux_loss=0.9866  val_cer=0.0372  val_wer=0.0878  val_exact=0.7000  (2916s elapsed)
[width=0.5] epoch 60/120  lr=5.34e-04  ctc_loss=0.0009  aux_loss=0.9836  val_cer=0.0410  val_wer=0.0951  val_exact=0.6917  (2965s elapsed)
[width=0.5] epoch 61/120  lr=5.20e-04  ctc_loss=0.0011  aux_loss=0.9772  val_cer=0.0501  val_wer=0.1058  val_exact=0.6833  (3015s elapsed)
[width=0.5] epoch 62/120  lr=5.07e-04  ctc_loss=0.0008  aux_loss=0.9732  val_cer=0.0440  val_wer=0.1007  val_exact=0.6750  (3066s elapsed)
[width=0.5] epoch 63/120  lr=4.93e-04  ctc_loss=0.0009  aux_loss=0.9727  val_cer=0.0423  val_wer=0.0928  val_exact=0.6958  (3116s elapsed)
[width=0.5] epoch 64/120  lr=4.80e-04  ctc_loss=0.0006  aux_loss=0.9678  val_cer=0.0431  val_wer=0.0958  val_exact=0.6917  (3164s elapsed)
[width=0.5] epoch 65/120  lr=4.66e-04  ctc_loss=0.0005  aux_loss=0.9668  val_cer=0.0426  val_wer=0.0996  val_exact=0.6833  (3210s elapsed)
[width=0.5] epoch 66/120  lr=4.52e-04  ctc_loss=0.0006  aux_loss=0.9661  val_cer=0.0484  val_wer=0.1069  val_exact=0.6875  (3257s elapsed)
[width=0.5] epoch 67/120  lr=4.39e-04  ctc_loss=0.0007  aux_loss=0.9645  val_cer=0.0452  val_wer=0.1000  val_exact=0.6875  (3302s elapsed)
[width=0.5] epoch 68/120  lr=4.25e-04  ctc_loss=0.0010  aux_loss=0.9630  val_cer=0.0423  val_wer=0.1001  val_exact=0.6792  (3346s elapsed)
[width=0.5] epoch 69/120  lr=4.12e-04  ctc_loss=0.0006  aux_loss=0.9612  val_cer=0.0526  val_wer=0.1143  val_exact=0.6792  (3391s elapsed)
[width=0.5] epoch 70/120  lr=3.98e-04  ctc_loss=0.0009  aux_loss=0.9601  val_cer=0.0398  val_wer=0.0895  val_exact=0.7000  (3434s elapsed)
[width=0.5] epoch 71/120  lr=3.85e-04  ctc_loss=0.0006  aux_loss=0.9624  val_cer=0.0491  val_wer=0.1055  val_exact=0.6792  (3478s elapsed)
[width=0.5] epoch 72/120  lr=3.72e-04  ctc_loss=0.0007  aux_loss=0.9597  val_cer=0.0397  val_wer=0.0901  val_exact=0.7042  (3522s elapsed)
[width=0.5] epoch 73/120  lr=3.59e-04  ctc_loss=0.0004  aux_loss=0.9573  val_cer=0.0379  val_wer=0.0869  val_exact=0.7167  (3566s elapsed)
[width=0.5] epoch 74/120  lr=3.45e-04  ctc_loss=0.0004  aux_loss=0.9543  val_cer=0.0413  val_wer=0.0933  val_exact=0.7000  (3612s elapsed)
[width=0.5] epoch 75/120  lr=3.33e-04  ctc_loss=0.0004  aux_loss=0.9522  val_cer=0.0451  val_wer=0.0984  val_exact=0.7000  (3656s elapsed)
[width=0.5] epoch 76/120  lr=3.20e-04  ctc_loss=0.0003  aux_loss=0.9513  val_cer=0.0412  val_wer=0.0940  val_exact=0.6958  (3702s elapsed)
[width=0.5] epoch 77/120  lr=3.07e-04  ctc_loss=0.0003  aux_loss=0.9541  val_cer=0.0423  val_wer=0.0955  val_exact=0.6917  (3746s elapsed)
[width=0.5] epoch 78/120  lr=2.95e-04  ctc_loss=0.0005  aux_loss=0.9547  val_cer=0.0394  val_wer=0.0898  val_exact=0.7000  (3790s elapsed)
[width=0.5] epoch 79/120  lr=2.82e-04  ctc_loss=0.0003  aux_loss=0.9509  val_cer=0.0385  val_wer=0.0861  val_exact=0.7042  (3836s elapsed)
[width=0.5] epoch 80/120  lr=2.70e-04  ctc_loss=0.0003  aux_loss=0.9492  val_cer=0.0438  val_wer=0.0948  val_exact=0.7042  (3885s elapsed)
[width=0.5] epoch 81/120  lr=2.58e-04  ctc_loss=0.0003  aux_loss=0.9483  val_cer=0.0444  val_wer=0.0920  val_exact=0.6958  (3933s elapsed)
[width=0.5] epoch 82/120  lr=2.46e-04  ctc_loss=0.0002  aux_loss=0.9474  val_cer=0.0414  val_wer=0.0895  val_exact=0.7083  (3977s elapsed)
[width=0.5] epoch 83/120  lr=2.34e-04  ctc_loss=0.0003  aux_loss=0.9447  val_cer=0.0460  val_wer=0.1020  val_exact=0.6833  (4023s elapsed)
[width=0.5] epoch 84/120  lr=2.23e-04  ctc_loss=0.0003  aux_loss=0.9426  val_cer=0.0452  val_wer=0.0968  val_exact=0.7000  (4068s elapsed)
[width=0.5] epoch 85/120  lr=2.12e-04  ctc_loss=0.0002  aux_loss=0.9428  val_cer=0.0449  val_wer=0.0959  val_exact=0.7000  (4110s elapsed)
[width=0.5] epoch 86/120  lr=2.01e-04  ctc_loss=0.0002  aux_loss=0.9407  val_cer=0.0381  val_wer=0.0845  val_exact=0.7167  (4155s elapsed)
[width=0.5] epoch 87/120  lr=1.90e-04  ctc_loss=0.0002  aux_loss=0.9422  val_cer=0.0395  val_wer=0.0885  val_exact=0.7125  (4201s elapsed)
[width=0.5] epoch 88/120  lr=1.79e-04  ctc_loss=0.0002  aux_loss=0.9397  val_cer=0.0423  val_wer=0.0926  val_exact=0.7083  (4245s elapsed)
[width=0.5] epoch 89/120  lr=1.69e-04  ctc_loss=0.0002  aux_loss=0.9387  val_cer=0.0412  val_wer=0.0921  val_exact=0.7000  (4288s elapsed)
[width=0.5] epoch 90/120  lr=1.59e-04  ctc_loss=0.0002  aux_loss=0.9388  val_cer=0.0431  val_wer=0.0951  val_exact=0.7000  (4332s elapsed)
[width=0.5] epoch 91/120  lr=1.49e-04  ctc_loss=0.0001  aux_loss=0.9384  val_cer=0.0400  val_wer=0.0885  val_exact=0.7125  (4376s elapsed)
[width=0.5] epoch 92/120  lr=1.39e-04  ctc_loss=0.0001  aux_loss=0.9379  val_cer=0.0412  val_wer=0.0912  val_exact=0.7083  (4420s elapsed)
[width=0.5] epoch 93/120  lr=1.30e-04  ctc_loss=0.0001  aux_loss=0.9357  val_cer=0.0421  val_wer=0.0931  val_exact=0.7042  (4466s elapsed)
[width=0.5] epoch 94/120  lr=1.21e-04  ctc_loss=0.0001  aux_loss=0.9359  val_cer=0.0450  val_wer=0.0999  val_exact=0.7000  (4511s elapsed)
[width=0.5] epoch 95/120  lr=1.12e-04  ctc_loss=0.0001  aux_loss=0.9335  val_cer=0.0402  val_wer=0.0913  val_exact=0.7083  (4558s elapsed)
[width=0.5] epoch 96/120  lr=1.04e-04  ctc_loss=0.0001  aux_loss=0.9339  val_cer=0.0417  val_wer=0.0924  val_exact=0.7125  (4602s elapsed)
[width=0.5] epoch 97/120  lr=9.55e-05  ctc_loss=0.0001  aux_loss=0.9336  val_cer=0.0471  val_wer=0.0983  val_exact=0.7000  (4646s elapsed)
[width=0.5] epoch 98/120  lr=8.76e-05  ctc_loss=0.0001  aux_loss=0.9326  val_cer=0.0479  val_wer=0.1060  val_exact=0.6833  (4691s elapsed)
[width=0.5] epoch 99/120  lr=8.00e-05  ctc_loss=0.0002  aux_loss=0.9324  val_cer=0.0469  val_wer=0.1031  val_exact=0.6917  (4737s elapsed)
[width=0.5] epoch 100/120  lr=7.28e-05  ctc_loss=0.0001  aux_loss=0.9304  val_cer=0.0455  val_wer=0.1008  val_exact=0.6917  (4782s elapsed)
[width=0.5] epoch 101/120  lr=6.59e-05  ctc_loss=0.0001  aux_loss=0.9301  val_cer=0.0496  val_wer=0.1046  val_exact=0.6917  (4827s elapsed)
[width=0.5] epoch 102/120  lr=5.92e-05  ctc_loss=0.0001  aux_loss=0.9300  val_cer=0.0478  val_wer=0.1056  val_exact=0.6833  (4873s elapsed)
[width=0.5] epoch 103/120  lr=5.30e-05  ctc_loss=0.0001  aux_loss=0.9295  val_cer=0.0458  val_wer=0.0974  val_exact=0.6958  (4917s elapsed)
[width=0.5] epoch 104/120  lr=4.70e-05  ctc_loss=0.0001  aux_loss=0.9296  val_cer=0.0478  val_wer=0.1068  val_exact=0.6875  (4960s elapsed)
[width=0.5] epoch 105/120  lr=4.14e-05  ctc_loss=0.0001  aux_loss=0.9285  val_cer=0.0478  val_wer=0.1055  val_exact=0.6875  (5004s elapsed)
[width=0.5] epoch 106/120  lr=3.61e-05  ctc_loss=0.0001  aux_loss=0.9281  val_cer=0.0477  val_wer=0.1063  val_exact=0.6833  (5050s elapsed)
[width=0.5] epoch 107/120  lr=3.12e-05  ctc_loss=0.0001  aux_loss=0.9277  val_cer=0.0480  val_wer=0.1072  val_exact=0.6833  (5096s elapsed)
[width=0.5] epoch 108/120  lr=2.66e-05  ctc_loss=0.0001  aux_loss=0.9280  val_cer=0.0480  val_wer=0.1072  val_exact=0.6833  (5141s elapsed)
[width=0.5] epoch 109/120  lr=2.24e-05  ctc_loss=0.0001  aux_loss=0.9270  val_cer=0.0478  val_wer=0.1068  val_exact=0.6833  (5187s elapsed)
[width=0.5] epoch 110/120  lr=1.85e-05  ctc_loss=0.0001  aux_loss=0.9273  val_cer=0.0453  val_wer=0.1001  val_exact=0.6958  (5232s elapsed)
[width=0.5] epoch 111/120  lr=1.50e-05  ctc_loss=0.0001  aux_loss=0.9273  val_cer=0.0476  val_wer=0.1051  val_exact=0.6917  (5278s elapsed)
[width=0.5] epoch 112/120  lr=1.19e-05  ctc_loss=0.0001  aux_loss=0.9259  val_cer=0.0496  val_wer=0.1093  val_exact=0.6833  (5321s elapsed)
[width=0.5] epoch 113/120  lr=9.11e-06  ctc_loss=0.0001  aux_loss=0.9272  val_cer=0.0479  val_wer=0.1059  val_exact=0.6875  (5366s elapsed)
[width=0.5] epoch 114/120  lr=6.70e-06  ctc_loss=0.0001  aux_loss=0.9265  val_cer=0.0497  val_wer=0.1097  val_exact=0.6833  (5414s elapsed)
[width=0.5] epoch 115/120  lr=4.66e-06  ctc_loss=0.0001  aux_loss=0.9258  val_cer=0.0476  val_wer=0.1056  val_exact=0.6875  (5457s elapsed)
[width=0.5] epoch 116/120  lr=2.98e-06  ctc_loss=0.0001  aux_loss=0.9262  val_cer=0.0475  val_wer=0.1051  val_exact=0.6875  (5502s elapsed)
[width=0.5] epoch 117/120  lr=1.68e-06  ctc_loss=0.0001  aux_loss=0.9266  val_cer=0.0472  val_wer=0.1042  val_exact=0.6875  (5548s elapsed)
[width=0.5] epoch 118/120  lr=7.46e-07  ctc_loss=0.0001  aux_loss=0.9267  val_cer=0.0479  val_wer=0.1059  val_exact=0.6875  (5593s elapsed)
[width=0.5] epoch 119/120  lr=1.87e-07  ctc_loss=0.0001  aux_loss=0.9260  val_cer=0.0479  val_wer=0.1059  val_exact=0.6875  (5638s elapsed)
[width=0.5] epoch 120/120  lr=0.00e+00  ctc_loss=0.0001  aux_loss=0.9260  val_cer=0.0476  val_wer=0.1056  val_exact=0.6875  (5682s elapsed)
[width=0.5] selesai. Best val CER: 0.0372 -> C:\Users\Unpad-hci\CNN-RNN-CTC-Architecture-OCR-Sequential-Sundanese-script-text\training\checkpoints\crnn_w0.50_v3aug_best.pt
[width=0.5] TEST: cer=0.0655 wer=0.1538 exact=0.6008 (n=243)
